// Jest Snapshot v1, https://goo.gl/fbAQLP

exports[`matches snapshot 1`] = `
ShallowWrapper {
  "length": 1,
  Symbol(enzyme.__root__): [Circular],
  Symbol(enzyme.__unrendered__): <Header />,
  Symbol(enzyme.__renderer__): Object {
    "batchedUpdates": [Function],
    "getNode": [Function],
    "render": [Function],
    "simulateEvent": [Function],
    "unmount": [Function],
  },
  Symbol(enzyme.__node__): Object {
    "instance": null,
    "key": undefined,
    "nodeType": "host",
    "props": Object {
      "children": <div
        className="container"
>
        <a
                className="navbar-brand"
                href="/"
        >
                conduit
        </a>
        <ul
                className="nav navbar-nav pull-xs-right"
        >
                <li
                        className="nav-item"
                >
                        <a
                                className="nav-link active"
                                href=""
                        >
                                Home
                        </a>
                </li>
                <li
                        className="nav-item"
                >
                        <a
                                className="nav-link"
                                href=""
                        >
                                <i
                                        className="ion-compose"
                                />
                                 New Post
                        </a>
                </li>
                <li
                        className="nav-item"
                >
                        <a
                                className="nav-link"
                                href=""
                        >
                                <i
                                        className="ion-gear-a"
                                />
                                 Settings
                        </a>
                </li>
                <li
                        className="nav-item"
                >
                        <a
                                className="nav-link"
                                href=""
                        >
                                Sign up
                        </a>
                </li>
        </ul>
</div>,
      "className": "navbar navbar-light",
    },
    "ref": null,
    "rendered": Object {
      "instance": null,
      "key": undefined,
      "nodeType": "host",
      "props": Object {
        "children": Array [
          <a
            className="navbar-brand"
            href="/"
>
            conduit
</a>,
          <ul
            className="nav navbar-nav pull-xs-right"
>
            <li
                        className="nav-item"
            >
                        <a
                                    className="nav-link active"
                                    href=""
                        >
                                    Home
                        </a>
            </li>
            <li
                        className="nav-item"
            >
                        <a
                                    className="nav-link"
                                    href=""
                        >
                                    <i
                                                className="ion-compose"
                                    />
                                     New Post
                        </a>
            </li>
            <li
                        className="nav-item"
            >
                        <a
                                    className="nav-link"
                                    href=""
                        >
                                    <i
                                                className="ion-gear-a"
                                    />
                                     Settings
                        </a>
            </li>
            <li
                        className="nav-item"
            >
                        <a
                                    className="nav-link"
                                    href=""
                        >
                                    Sign up
                        </a>
            </li>
</ul>,
        ],
        "className": "container",
      },
      "ref": null,
      "rendered": Array [
        Object {
          "instance": null,
          "key": undefined,
          "nodeType": "host",
          "props": Object {
            "children": "conduit",
            "className": "navbar-brand",
            "href": "/",
          },
          "ref": null,
          "rendered": "conduit",
          "type": "a",
        },
        Object {
          "instance": null,
          "key": undefined,
          "nodeType": "host",
          "props": Object {
            "children": Array [
              <li
                className="nav-item"
>
                <a
                                className="nav-link active"
                                href=""
                >
                                Home
                </a>
</li>,
              <li
                className="nav-item"
>
                <a
                                className="nav-link"
                                href=""
                >
                                <i
                                                className="ion-compose"
                                />
                                 New Post
                </a>
</li>,
              <li
                className="nav-item"
>
                <a
                                className="nav-link"
                                href=""
                >
                                <i
                                                className="ion-gear-a"
                                />
                                 Settings
                </a>
</li>,
              <li
                className="nav-item"
>
                <a
                                className="nav-link"
                                href=""
                >
                                Sign up
                </a>
</li>,
            ],
            "className": "nav navbar-nav pull-xs-right",
          },
          "ref": null,
          "rendered": Array [
            Object {
              "instance": null,
              "key": undefined,
              "nodeType": "host",
              "props": Object {
                "children": <a
                  className="nav-link active"
                  href=""
>
                  Home
</a>,
                "className": "nav-item",
              },
              "ref": null,
              "rendered": Object {
                "instance": null,
                "key": undefined,
                "nodeType": "host",
                "props": Object {
                  "children": "Home",
                  "className": "nav-link active",
                  "href": "",
                },
                "ref": null,
                "rendered": "Home",
                "type": "a",
              },
              "type": "li",
            },
            Object {
              "instance": null,
              "key": undefined,
              "nodeType": "host",
              "props": Object {
                "children": <a
                  className="nav-link"
                  href=""
>
                  <i
                                    className="ion-compose"
                  />
                   New Post
</a>,
                "className": "nav-item",
              },
              "ref": null,
              "rendered": Object {
                "instance": null,
                "key": undefined,
                "nodeType": "host",
                "props": Object {
                  "children": Array [
                    <i
                      className="ion-compose"
/>,
                    " New Post",
                  ],
                  "className": "nav-link",
                  "href": "",
                },
                "ref": null,
                "rendered": Array [
                  Object {
                    "instance": null,
                    "key": undefined,
                    "nodeType": "host",
                    "props": Object {
                      "className": "ion-compose",
                    },
                    "ref": null,
                    "rendered": null,
                    "type": "i",
                  },
                  " New Post",
                ],
                "type": "a",
              },
              "type": "li",
            },
            Object {
              "instance": null,
              "key": undefined,
              "nodeType": "host",
              "props": Object {
                "children": <a
                  className="nav-link"
                  href=""
>
                  <i
                                    className="ion-gear-a"
                  />
                   Settings
</a>,
                "className": "nav-item",
              },
              "ref": null,
              "rendered": Object {
                "instance": null,
                "key": undefined,
                "nodeType": "host",
                "props": Object {
                  "children": Array [
                    <i
                      className="ion-gear-a"
/>,
                    " Settings",
                  ],
                  "className": "nav-link",
                  "href": "",
                },
                "ref": null,
                "rendered": Array [
                  Object {
                    "instance": null,
                    "key": undefined,
                    "nodeType": "host",
                    "props": Object {
                      "className": "ion-gear-a",
                    },
                    "ref": null,
                    "rendered": null,
                    "type": "i",
                  },
                  " Settings",
                ],
                "type": "a",
              },
              "type": "li",
            },
            Object {
              "instance": null,
              "key": undefined,
              "nodeType": "host",
              "props": Object {
                "children": <a
                  className="nav-link"
                  href=""
>
                  Sign up
</a>,
                "className": "nav-item",
              },
              "ref": null,
              "rendered": Object {
                "instance": null,
                "key": undefined,
                "nodeType": "host",
                "props": Object {
                  "children": "Sign up",
                  "className": "nav-link",
                  "href": "",
                },
                "ref": null,
                "rendered": "Sign up",
                "type": "a",
              },
              "type": "li",
            },
          ],
          "type": "ul",
        },
      ],
      "type": "div",
    },
    "type": "nav",
  },
  Symbol(enzyme.__nodes__): Array [
    Object {
      "instance": null,
      "key": undefined,
      "nodeType": "host",
      "props": Object {
        "children": <div
          className="container"
>
          <a
                    className="navbar-brand"
                    href="/"
          >
                    conduit
          </a>
          <ul
                    className="nav navbar-nav pull-xs-right"
          >
                    <li
                              className="nav-item"
                    >
                              <a
                                        className="nav-link active"
                                        href=""
                              >
                                        Home
                              </a>
                    </li>
                    <li
                              className="nav-item"
                    >
                              <a
                                        className="nav-link"
                                        href=""
                              >
                                        <i
                                                  className="ion-compose"
                                        />
                                         New Post
                              </a>
                    </li>
                    <li
                              className="nav-item"
                    >
                              <a
                                        className="nav-link"
                                        href=""
                              >
                                        <i
                                                  className="ion-gear-a"
                                        />
                                         Settings
                              </a>
                    </li>
                    <li
                              className="nav-item"
                    >
                              <a
                                        className="nav-link"
                                        href=""
                              >
                                        Sign up
                              </a>
                    </li>
          </ul>
</div>,
        "className": "navbar navbar-light",
      },
      "ref": null,
      "rendered": Object {
        "instance": null,
        "key": undefined,
        "nodeType": "host",
        "props": Object {
          "children": Array [
            <a
              className="navbar-brand"
              href="/"
>
              conduit
</a>,
            <ul
              className="nav navbar-nav pull-xs-right"
>
              <li
                            className="nav-item"
              >
                            <a
                                          className="nav-link active"
                                          href=""
                            >
                                          Home
                            </a>
              </li>
              <li
                            className="nav-item"
              >
                            <a
                                          className="nav-link"
                                          href=""
                            >
                                          <i
                                                        className="ion-compose"
                                          />
                                           New Post
                            </a>
              </li>
              <li
                            className="nav-item"
              >
                            <a
                                          className="nav-link"
                                          href=""
                            >
                                          <i
                                                        className="ion-gear-a"
                                          />
                                           Settings
                            </a>
              </li>
              <li
                            className="nav-item"
              >
                            <a
                                          className="nav-link"
                                          href=""
                            >
                                          Sign up
                            </a>
              </li>
</ul>,
          ],
          "className": "container",
        },
        "ref": null,
        "rendered": Array [
          Object {
            "instance": null,
            "key": undefined,
            "nodeType": "host",
            "props": Object {
              "children": "conduit",
              "className": "navbar-brand",
              "href": "/",
            },
            "ref": null,
            "rendered": "conduit",
            "type": "a",
          },
          Object {
            "instance": null,
            "key": undefined,
            "nodeType": "host",
            "props": Object {
              "children": Array [
                <li
                  className="nav-item"
>
                  <a
                                    className="nav-link active"
                                    href=""
                  >
                                    Home
                  </a>
</li>,
                <li
                  className="nav-item"
>
                  <a
                                    className="nav-link"
                                    href=""
                  >
                                    <i
                                                      className="ion-compose"
                                    />
                                     New Post
                  </a>
</li>,
                <li
                  className="nav-item"
>
                  <a
                                    className="nav-link"
                                    href=""
                  >
                                    <i
                                                      className="ion-gear-a"
                                    />
                                     Settings
                  </a>
</li>,
                <li
                  className="nav-item"
>
                  <a
                                    className="nav-link"
                                    href=""
                  >
                                    Sign up
                  </a>
</li>,
              ],
              "className": "nav navbar-nav pull-xs-right",
            },
            "ref": null,
            "rendered": Array [
              Object {
                "instance": null,
                "key": undefined,
                "nodeType": "host",
                "props": Object {
                  "children": <a
                    className="nav-link active"
                    href=""
>
                    Home
</a>,
                  "className": "nav-item",
                },
                "ref": null,
                "rendered": Object {
                  "instance": null,
                  "key": undefined,
                  "nodeType": "host",
                  "props": Object {
                    "children": "Home",
                    "className": "nav-link active",
                    "href": "",
                  },
                  "ref": null,
                  "rendered": "Home",
                  "type": "a",
                },
                "type": "li",
              },
              Object {
                "instance": null,
                "key": undefined,
                "nodeType": "host",
                "props": Object {
                  "children": <a
                    className="nav-link"
                    href=""
>
                    <i
                                        className="ion-compose"
                    />
                     New Post
</a>,
                  "className": "nav-item",
                },
                "ref": null,
                "rendered": Object {
                  "instance": null,
                  "key": undefined,
                  "nodeType": "host",
                  "props": Object {
                    "children": Array [
                      <i
                        className="ion-compose"
/>,
                      " New Post",
                    ],
                    "className": "nav-link",
                    "href": "",
                  },
                  "ref": null,
                  "rendered": Array [
                    Object {
                      "instance": null,
                      "key": undefined,
                      "nodeType": "host",
                      "props": Object {
                        "className": "ion-compose",
                      },
                      "ref": null,
                      "rendered": null,
                      "type": "i",
                    },
                    " New Post",
                  ],
                  "type": "a",
                },
                "type": "li",
              },
              Object {
                "instance": null,
                "key": undefined,
                "nodeType": "host",
                "props": Object {
                  "children": <a
                    className="nav-link"
                    href=""
>
                    <i
                                        className="ion-gear-a"
                    />
                     Settings
</a>,
                  "className": "nav-item",
                },
                "ref": null,
                "rendered": Object {
                  "instance": null,
                  "key": undefined,
                  "nodeType": "host",
                  "props": Object {
                    "children": Array [
                      <i
                        className="ion-gear-a"
/>,
                      " Settings",
                    ],
                    "className": "nav-link",
                    "href": "",
                  },
                  "ref": null,
                  "rendered": Array [
                    Object {
                      "instance": null,
                      "key": undefined,
                      "nodeType": "host",
                      "props": Object {
                        "className": "ion-gear-a",
                      },
                      "ref": null,
                      "rendered": null,
                      "type": "i",
                    },
                    " Settings",
                  ],
                  "type": "a",
                },
                "type": "li",
              },
              Object {
                "instance": null,
                "key": undefined,
                "nodeType": "host",
                "props": Object {
                  "children": <a
                    className="nav-link"
                    href=""
>
                    Sign up
</a>,
                  "className": "nav-item",
                },
                "ref": null,
                "rendered": Object {
                  "instance": null,
                  "key": undefined,
                  "nodeType": "host",
                  "props": Object {
                    "children": "Sign up",
                    "className": "nav-link",
                    "href": "",
                  },
                  "ref": null,
                  "rendered": "Sign up",
                  "type": "a",
                },
                "type": "li",
              },
            ],
            "type": "ul",
          },
        ],
        "type": "div",
      },
      "type": "nav",
    },
  ],
  Symbol(enzyme.__options__): Object {
    "adapter": ReactSixteenAdapter {
      "options": Object {
        "enableComponentDidUpdateOnSetState": true,
      },
    },
  },
}
`;
