// Jest Snapshot v1, https://goo.gl/fbAQLP

exports[`matches the snapshot 1`] = `
ShallowWrapper {
  "length": 1,
  Symbol(enzyme.__root__): [Circular],
  Symbol(enzyme.__unrendered__): <Home(, ) />,
  Symbol(enzyme.__renderer__): Object {
    "batchedUpdates": [Function],
    "getNode": [Function],
    "render": [Function],
    "simulateEvent": [Function],
    "unmount": [Function],
  },
  Symbol(enzyme.__node__): Object {
    "instance": null,
    "key": undefined,
    "nodeType": "host",
    "props": Object {
      "children": Array [
        <div
          className="banner"
>
          <div
                    className="container"
          >
                    <h1
                              className="logo-font"
                    >
                              conduit
                    </h1>
                    <p>
                              A place to share your knowledge.
                    </p>
          </div>
</div>,
        <div
          className="container page"
>
          <div
                    className="row"
          >
                    <div
                              className="col-md-9"
                    >
                              <Unknown />
                    </div>
                    <div
                              className="col-md-3"
                    >
                              <Unknown />
                    </div>
          </div>
</div>,
      ],
      "className": "home-page",
    },
    "ref": null,
    "rendered": Array [
      Object {
        "instance": null,
        "key": undefined,
        "nodeType": "host",
        "props": Object {
          "children": <div
            className="container"
>
            <h1
                        className="logo-font"
            >
                        conduit
            </h1>
            <p>
                        A place to share your knowledge.
            </p>
</div>,
          "className": "banner",
        },
        "ref": null,
        "rendered": Object {
          "instance": null,
          "key": undefined,
          "nodeType": "host",
          "props": Object {
            "children": Array [
              <h1
                className="logo-font"
>
                conduit
</h1>,
              <p>
                A place to share your knowledge.
</p>,
            ],
            "className": "container",
          },
          "ref": null,
          "rendered": Array [
            Object {
              "instance": null,
              "key": undefined,
              "nodeType": "host",
              "props": Object {
                "children": "conduit",
                "className": "logo-font",
              },
              "ref": null,
              "rendered": "conduit",
              "type": "h1",
            },
            Object {
              "instance": null,
              "key": undefined,
              "nodeType": "host",
              "props": Object {
                "children": "A place to share your knowledge.",
              },
              "ref": null,
              "rendered": "A place to share your knowledge.",
              "type": "p",
            },
          ],
          "type": "div",
        },
        "type": "div",
      },
      Object {
        "instance": null,
        "key": undefined,
        "nodeType": "host",
        "props": Object {
          "children": <div
            className="row"
>
            <div
                        className="col-md-9"
            >
                        <Unknown />
            </div>
            <div
                        className="col-md-3"
            >
                        <Unknown />
            </div>
</div>,
          "className": "container page",
        },
        "ref": null,
        "rendered": Object {
          "instance": null,
          "key": undefined,
          "nodeType": "host",
          "props": Object {
            "children": Array [
              <div
                className="col-md-9"
>
                <Unknown />
</div>,
              <div
                className="col-md-3"
>
                <Unknown />
</div>,
            ],
            "className": "row",
          },
          "ref": null,
          "rendered": Array [
            Object {
              "instance": null,
              "key": undefined,
              "nodeType": "host",
              "props": Object {
                "children": <Unknown />,
                "className": "col-md-9",
              },
              "ref": null,
              "rendered": Object {
                "instance": null,
                "key": undefined,
                "nodeType": "function",
                "props": Object {},
                "ref": null,
                "rendered": null,
                "type": [Function],
              },
              "type": "div",
            },
            Object {
              "instance": null,
              "key": undefined,
              "nodeType": "host",
              "props": Object {
                "children": <Unknown />,
                "className": "col-md-3",
              },
              "ref": null,
              "rendered": Object {
                "instance": null,
                "key": undefined,
                "nodeType": "function",
                "props": Object {},
                "ref": null,
                "rendered": null,
                "type": [Function],
              },
              "type": "div",
            },
          ],
          "type": "div",
        },
        "type": "div",
      },
    ],
    "type": "div",
  },
  Symbol(enzyme.__nodes__): Array [
    Object {
      "instance": null,
      "key": undefined,
      "nodeType": "host",
      "props": Object {
        "children": Array [
          <div
            className="banner"
>
            <div
                        className="container"
            >
                        <h1
                                    className="logo-font"
                        >
                                    conduit
                        </h1>
                        <p>
                                    A place to share your knowledge.
                        </p>
            </div>
</div>,
          <div
            className="container page"
>
            <div
                        className="row"
            >
                        <div
                                    className="col-md-9"
                        >
                                    <Unknown />
                        </div>
                        <div
                                    className="col-md-3"
                        >
                                    <Unknown />
                        </div>
            </div>
</div>,
        ],
        "className": "home-page",
      },
      "ref": null,
      "rendered": Array [
        Object {
          "instance": null,
          "key": undefined,
          "nodeType": "host",
          "props": Object {
            "children": <div
              className="container"
>
              <h1
                            className="logo-font"
              >
                            conduit
              </h1>
              <p>
                            A place to share your knowledge.
              </p>
</div>,
            "className": "banner",
          },
          "ref": null,
          "rendered": Object {
            "instance": null,
            "key": undefined,
            "nodeType": "host",
            "props": Object {
              "children": Array [
                <h1
                  className="logo-font"
>
                  conduit
</h1>,
                <p>
                  A place to share your knowledge.
</p>,
              ],
              "className": "container",
            },
            "ref": null,
            "rendered": Array [
              Object {
                "instance": null,
                "key": undefined,
                "nodeType": "host",
                "props": Object {
                  "children": "conduit",
                  "className": "logo-font",
                },
                "ref": null,
                "rendered": "conduit",
                "type": "h1",
              },
              Object {
                "instance": null,
                "key": undefined,
                "nodeType": "host",
                "props": Object {
                  "children": "A place to share your knowledge.",
                },
                "ref": null,
                "rendered": "A place to share your knowledge.",
                "type": "p",
              },
            ],
            "type": "div",
          },
          "type": "div",
        },
        Object {
          "instance": null,
          "key": undefined,
          "nodeType": "host",
          "props": Object {
            "children": <div
              className="row"
>
              <div
                            className="col-md-9"
              >
                            <Unknown />
              </div>
              <div
                            className="col-md-3"
              >
                            <Unknown />
              </div>
</div>,
            "className": "container page",
          },
          "ref": null,
          "rendered": Object {
            "instance": null,
            "key": undefined,
            "nodeType": "host",
            "props": Object {
              "children": Array [
                <div
                  className="col-md-9"
>
                  <Unknown />
</div>,
                <div
                  className="col-md-3"
>
                  <Unknown />
</div>,
              ],
              "className": "row",
            },
            "ref": null,
            "rendered": Array [
              Object {
                "instance": null,
                "key": undefined,
                "nodeType": "host",
                "props": Object {
                  "children": <Unknown />,
                  "className": "col-md-9",
                },
                "ref": null,
                "rendered": Object {
                  "instance": null,
                  "key": undefined,
                  "nodeType": "function",
                  "props": Object {},
                  "ref": null,
                  "rendered": null,
                  "type": [Function],
                },
                "type": "div",
              },
              Object {
                "instance": null,
                "key": undefined,
                "nodeType": "host",
                "props": Object {
                  "children": <Unknown />,
                  "className": "col-md-3",
                },
                "ref": null,
                "rendered": Object {
                  "instance": null,
                  "key": undefined,
                  "nodeType": "function",
                  "props": Object {},
                  "ref": null,
                  "rendered": null,
                  "type": [Function],
                },
                "type": "div",
              },
            ],
            "type": "div",
          },
          "type": "div",
        },
      ],
      "type": "div",
    },
  ],
  Symbol(enzyme.__options__): Object {
    "adapter": ReactSixteenAdapter {
      "options": Object {
        "enableComponentDidUpdateOnSetState": true,
      },
    },
  },
}
`;
