// Jest Snapshot v1, https://goo.gl/fbAQLP

exports[`shallow tests matches the snapshot 1`] = `
ShallowWrapper {
  "length": 1,
  Symbol(enzyme.__root__): [Circular],
  Symbol(enzyme.__unrendered__): <App />,
  Symbol(enzyme.__renderer__): Object {
    "batchedUpdates": [Function],
    "getNode": [Function],
    "render": [Function],
    "simulateEvent": [Function],
    "unmount": [Function],
  },
  Symbol(enzyme.__node__): Object {
    "instance": null,
    "key": undefined,
    "nodeType": "class",
    "props": Object {
      "children": <div>
        <Header(NavLink) />
        <Home(AppPopularTags, ArticleListing(FeedPicker))
                previews={
                        Array [
                                Object {
                                  "author": Object {
                                    "image": "https://i.stack.imgur.com/xHWG8.jpg",
                                    "username": "jake",
                                  },
                                  "createdAt": 2017-12-10T00:00:00.000Z,
                                  "description": "This is the description for the post.",
                                  "favoritesCount": 27,
                                  "slug": "test-slug",
                                  "title": "How to build webapps that scale",
                                },
                              ]
                }
        />
        <Footer(Link) />
</div>,
    },
    "ref": null,
    "rendered": Object {
      "instance": null,
      "key": undefined,
      "nodeType": "host",
      "props": Object {
        "children": Array [
          <Header(NavLink) />,
          <Home(AppPopularTags, ArticleListing(FeedPicker))
            previews={
                        Array [
                                    Object {
                                      "author": Object {
                                        "image": "https://i.stack.imgur.com/xHWG8.jpg",
                                        "username": "jake",
                                      },
                                      "createdAt": 2017-12-10T00:00:00.000Z,
                                      "description": "This is the description for the post.",
                                      "favoritesCount": 27,
                                      "slug": "test-slug",
                                      "title": "How to build webapps that scale",
                                    },
                                  ]
            }
/>,
          <Footer(Link) />,
        ],
      },
      "ref": null,
      "rendered": Array [
        Object {
          "instance": null,
          "key": undefined,
          "nodeType": "function",
          "props": Object {},
          "ref": null,
          "rendered": null,
          "type": [Function],
        },
        Object {
          "instance": null,
          "key": undefined,
          "nodeType": "function",
          "props": Object {
            "previews": Array [
              Object {
                "author": Object {
                  "image": "https://i.stack.imgur.com/xHWG8.jpg",
                  "username": "jake",
                },
                "createdAt": 2017-12-10T00:00:00.000Z,
                "description": "This is the description for the post.",
                "favoritesCount": 27,
                "slug": "test-slug",
                "title": "How to build webapps that scale",
              },
            ],
          },
          "ref": null,
          "rendered": null,
          "type": [Function],
        },
        Object {
          "instance": null,
          "key": undefined,
          "nodeType": "function",
          "props": Object {},
          "ref": null,
          "rendered": null,
          "type": [Function],
        },
      ],
      "type": "div",
    },
    "type": [Function],
  },
  Symbol(enzyme.__nodes__): Array [
    Object {
      "instance": null,
      "key": undefined,
      "nodeType": "class",
      "props": Object {
        "children": <div>
          <Header(NavLink) />
          <Home(AppPopularTags, ArticleListing(FeedPicker))
                    previews={
                              Array [
                                        Object {
                                          "author": Object {
                                            "image": "https://i.stack.imgur.com/xHWG8.jpg",
                                            "username": "jake",
                                          },
                                          "createdAt": 2017-12-10T00:00:00.000Z,
                                          "description": "This is the description for the post.",
                                          "favoritesCount": 27,
                                          "slug": "test-slug",
                                          "title": "How to build webapps that scale",
                                        },
                                      ]
                    }
          />
          <Footer(Link) />
</div>,
      },
      "ref": null,
      "rendered": Object {
        "instance": null,
        "key": undefined,
        "nodeType": "host",
        "props": Object {
          "children": Array [
            <Header(NavLink) />,
            <Home(AppPopularTags, ArticleListing(FeedPicker))
              previews={
                            Array [
                                          Object {
                                            "author": Object {
                                              "image": "https://i.stack.imgur.com/xHWG8.jpg",
                                              "username": "jake",
                                            },
                                            "createdAt": 2017-12-10T00:00:00.000Z,
                                            "description": "This is the description for the post.",
                                            "favoritesCount": 27,
                                            "slug": "test-slug",
                                            "title": "How to build webapps that scale",
                                          },
                                        ]
              }
/>,
            <Footer(Link) />,
          ],
        },
        "ref": null,
        "rendered": Array [
          Object {
            "instance": null,
            "key": undefined,
            "nodeType": "function",
            "props": Object {},
            "ref": null,
            "rendered": null,
            "type": [Function],
          },
          Object {
            "instance": null,
            "key": undefined,
            "nodeType": "function",
            "props": Object {
              "previews": Array [
                Object {
                  "author": Object {
                    "image": "https://i.stack.imgur.com/xHWG8.jpg",
                    "username": "jake",
                  },
                  "createdAt": 2017-12-10T00:00:00.000Z,
                  "description": "This is the description for the post.",
                  "favoritesCount": 27,
                  "slug": "test-slug",
                  "title": "How to build webapps that scale",
                },
              ],
            },
            "ref": null,
            "rendered": null,
            "type": [Function],
          },
          Object {
            "instance": null,
            "key": undefined,
            "nodeType": "function",
            "props": Object {},
            "ref": null,
            "rendered": null,
            "type": [Function],
          },
        ],
        "type": "div",
      },
      "type": [Function],
    },
  ],
  Symbol(enzyme.__options__): Object {
    "adapter": ReactSixteenAdapter {
      "options": Object {
        "enableComponentDidUpdateOnSetState": true,
      },
    },
  },
}
`;
